// Jest Snapshot v1, https://goo.gl/fbAQLP

exports[`App matches snapshot 1`] = `
<DocumentFragment>
  <div
    class="app-wrapper"
    data-testid="app"
  >
    <div
      data-testid="header"
    >
      <h2>
        Todo App
      </h2>
    </div>
    <div
      class="main"
    >
      <div>
        <form
          data-testid="form"
        >
          <input
            class="input"
            data-testid="todo-input"
            name="todoItem1"
            placeholder="New Task"
            type="text"
            value=""
          />
          <div
            id="buttons"
          >
            <div
              id="button-left"
            >
              <button
                class="add-todo-btn"
                data-testid="add-todo-button"
              >
                <span>
                  Add
                </span>
              </button>
            </div>
            <div
              id="button-right"
            >
              <button
                class="clear-btn"
              >
                <span>
                  Completed
                </span>
              </button>
              <button
                class="del-btn"
              >
                <span>
                  Clear
                </span>
              </button>
            </div>
          </div>
        </form>
      </div>
      <div
        class="todolist-wrapper"
        data-testid="todos"
      >
        <div
          class="checkbox"
          data-testid="todo"
        >
          <input
            data-testid="checkbox buy bananas"
            name="item buy bananas"
            type="checkbox"
            value="buy bananas"
          />
          <span
            data-testid="todo-output"
          >
            buy bananas
          </span>
        </div>
        <div
          class="checkbox"
          data-testid="todo"
        >
          <input
            data-testid="checkbox buy strawberries"
            name="item buy strawberries"
            type="checkbox"
            value="buy strawberries"
          />
          <span
            data-testid="todo-output"
          >
            buy strawberries
          </span>
        </div>
      </div>
    </div>
    <div
      data-testid="footer"
    >
      <footer
        class="footer"
      >
        <span
          class="copyright"
        >
          Made with ðŸ’“ and â˜• by 
          <a
            href="https://luisabellan.com"
          >
            Luis Abellan
          </a>
        </span>
      </footer>
    </div>
  </div>
</DocumentFragment>
`;
