// Jest Snapshot v1, https://goo.gl/fbAQLP

exports[`matches snapshot 1`] = `
<DocumentFragment>
  <div
    class="app-wrapper"
  >
    <h2>
      Todo App
    </h2>
    <div
      class="main"
    >
      <form>
        <h2>
          New Task
        </h2>
        <input
          data-testid="todo-input"
          name="todoItem1"
          placeholder="New task"
          type="text"
          value=""
        />
        <button
          class="add-to-do-btn"
          style="font-family: Jomhuria,sans-serif; outline: none; font-size: 1.2rem;"
        >
          <span>
            Add
          </span>
        </button>
        <button
          class="clear-btn"
          style="font-family: Jomhuria,sans-serif; outline: none; font-size: 1.2rem;"
        >
          <span>
            Clean
          </span>
        </button>
      </form>
      <div
        class="todolist-wrapper"
      >
        <ul
          data-testid="todos-ul"
        >
          <div
            class="task"
          >
            <input
              name="item buy bread"
              type="checkbox"
              value="buy bread"
            />
            <span>
              buy bread
            </span>
          </div>
        </ul>
      </div>
    </div>
    <footer
      class="footer"
    >
      <span
        class="copyright"
      >
        Made with ðŸ’“ and â˜• by 
        <a
          href="https://luisabellan.com"
        >
          Luis Abellan
        </a>
      </span>
    </footer>
  </div>
</DocumentFragment>
`;
