// Jest Snapshot v1, https://goo.gl/fbAQLP

exports[`todo test matches snapshot 1`] = `
<DocumentFragment>
  <div
    data-testid="header"
  >
    <h2>
      Todo App
    </h2>
  </div>
</DocumentFragment>
`;
